00:00 +0: loading C:/Users/sahil gawai/OneDrive/python pandas/OneDrive/Desktop/Rockefeller/rock_app/test/widget_test.dart
00:00 +0: App launches smoke test
≡ƒÉ¢ WS disconnected
Pending timers:
Timer (duration: 0:00:00.000000, periodic: false), created:
#0      new FakeTimer._ (package:fake_async/fake_async.dart:342:62)
#1      FakeAsync._createTimer (package:fake_async/fake_async.dart:260:29)
#2      FakeAsync.run.<anonymous closure> (package:fake_async/fake_async.dart:185:15)
#7      DioMixin.fetch (package:dio/src/dio_mixin.dart:466:30)
#8      DioMixin.request (package:dio/src/dio_mixin.dart:374:12)
#9      DioMixin.get (package:dio/src/dio_mixin.dart:71:12)
#10     ApiClient.get (package:rock_app/core/network/api_client.dart:34:35)
#11     zonesProvider.<anonymous closure> (package:rock_app/core/providers/app_providers.dart:108:26)
#12     FutureProvider._create (package:riverpod/src/future_provider/base.dart:71:65)
#13     FutureProviderElement.create.<anonymous closure> (package:riverpod/src/future_provider/base.dart:117:22)
#14     FutureHandlerProviderElementMixin.handleFuture.<anonymous closure> (package:riverpod/src/async_notifier/base.dart:341:30)
#15     FutureHandlerProviderElementMixin._handleAsync (package:riverpod/src/async_notifier/base.dart:388:47)
#16     FutureHandlerProviderElementMixin.handleFuture (package:riverpod/src/async_notifier/base.dart:335:5)
#17     FutureProviderElement.create (package:riverpod/src/future_provider/base.dart:116:5)
#18     ProviderElementBase.buildState (package:riverpod/src/framework/element.dart:426:7)
#19     ProviderElementBase.mount (package:riverpod/src/framework/element.dart:228:5)
#20     _StateReader._create (package:riverpod/src/framework/container.dart:47:11)
#21     _StateReader.getElement (package:riverpod/src/framework/container.dart:35:52)
#22     ProviderContainer.readProviderElement.<anonymous closure> (package:riverpod/src/framework/container.dart:440:40)
#23     ProviderContainer.readProviderElement (package:riverpod/src/framework/container.dart:475:8)
#24     ProviderBase.addListener (package:riverpod/src/framework/provider_base.dart:79:26)
#25     ProviderContainer.listen (package:riverpod/src/framework/container.dart:280:21)
#26     ConsumerStatefulElement.watch.<anonymous closure> (package:flutter_riverpod/src/consumer.dart:564:25)
#27     _LinkedHashMapMixin.putIfAbsent (dart:_compact_hash:675:23)
#28     ConsumerStatefulElement.watch (package:flutter_riverpod/src/consumer.dart:557:26)
#29     DashboardScreen.build (package:rock_app/features/dashboard/dashboard_screen.dart:17:29)
#30     _ConsumerState.build (package:flutter_riverpod/src/consumer.dart:476:19)
#31     StatefulElement.build (package:flutter/src/widgets/framework.dart:5931:27)
#32     ConsumerStatefulElement.build (package:flutter_riverpod/src/consumer.dart:539:20)
#33     ComponentElement.performRebuild (package:flutter/src/widgets/framework.dart:5817:15)
#34     StatefulElement.performRebuild (package:flutter/src/widgets/framework.dart:5982:11)
#35     Element.rebuild (package:flutter/src/widgets/framework.dart:5529:7)
#36     ComponentElement._firstBuild (package:flutter/src/widgets/framework.dart:5799:5)
#37     StatefulElement._firstBuild (package:flutter/src/widgets/framework.dart:5973:11)
#38     ComponentElement.mount (package:flutter/src/widgets/framework.dart:5793:5)
...     Normal element mounting (266 frames)
#304    Element.inflateWidget (package:flutter/src/widgets/framework.dart:4587:20)
#305    MultiChildRenderObjectElement.inflateWidget (package:flutter/src/widgets/framework.dart:7264:36)
#306    MultiChildRenderObjectElement.mount (package:flutter/src/widgets/framework.dart:7279:32)
...     Normal element mounting (129 frames)
#435    Element.inflateWidget (package:flutter/src/widgets/framework.dart:4587:20)
#436    MultiChildRenderObjectElement.inflateWidget (package:flutter/src/widgets/framework.dart:7264:36)
#437    MultiChildRenderObjectElement.mount (package:flutter/src/widgets/framework.dart:7279:32)
...     Normal element mounting (378 frames)
#815    Element.inflateWidget (package:flutter/src/widgets/framework.dart:4587:20)
#816    MultiChildRenderObjectElement.inflateWidget (package:flutter/src/widgets/framework.dart:7264:36)
#817    MultiChildRenderObjectElement.mount (package:flutter/src/widgets/framework.dart:7279:32)
...     Normal element mounting (499 frames)
#1316   _UncontrolledProviderScopeElement.mount (package:flutter_riverpod/src/framework.dart:315:11)
...     Normal element mounting (9 frames)
#1325   Element.inflateWidget (package:flutter/src/widgets/framework.dart:4587:20)
#1326   Element.updateChild (package:flutter/src/widgets/framework.dart:4053:20)
#1327   ComponentElement.performRebuild (package:flutter/src/widgets/framework.dart:5841:16)
#1328   Element.rebuild (package:flutter/src/widgets/framework.dart:5529:7)
#1329   ProxyElement.update (package:flutter/src/widgets/framework.dart:6149:5)
#1330   _InheritedNotifierElement.update (package:flutter/src/widgets/inherited_notifier.dart:108:11)
#1331   Element.updateChild (package:flutter/src/widgets/framework.dart:4037:15)
#1332   ComponentElement.performRebuild (package:flutter/src/widgets/framework.dart:5841:16)
#1333   StatefulElement.performRebuild (package:flutter/src/widgets/framework.dart:5982:11)
#1334   Element.rebuild (package:flutter/src/widgets/framework.dart:5529:7)
#1335   StatefulElement.update (package:flutter/src/widgets/framework.dart:6007:5)
#1336   Element.updateChild (package:flutter/src/widgets/framework.dart:4037:15)
#1337   ComponentElement.performRebuild (package:flutter/src/widgets/framework.dart:5841:16)
#1338   Element.rebuild (package:flutter/src/widgets/framework.dart:5529:7)
#1339   ProxyElement.update (package:flutter/src/widgets/framework.dart:6149:5)
#1340   _InheritedNotifierElement.update (package:flutter/src/widgets/inherited_notifier.dart:108:11)
#1341   Element.updateChild (package:flutter/src/widgets/framework.dart:4037:15)
#1342   ComponentElement.performRebuild (package:flutter/src/widgets/framework.dart:5841:16)
#1343   StatefulElement.performRebuild (package:flutter/src/widgets/framework.dart:5982:11)
#1344   Element.rebuild (package:flutter/src/widgets/framework.dart:5529:7)
#1345   StatefulElement.update (package:flutter/src/widgets/framework.dart:6007:5)
#1346   Element.updateChild (package:flutter/src/widgets/framework.dart:4037:15)
#1347   ComponentElement.performRebuild (package:flutter/src/widgets/framework.dart:5841:16)
#1348   StatefulElement.performRebuild (package:flutter/src/widgets/framework.dart:5982:11)
#1349   Element.rebuild (package:flutter/src/widgets/framework.dart:5529:7)
#1350   StatefulElement.update (package:flutter/src/widgets/framework.dart:6007:5)
#1351   Element.updateChild (package:flutter/src/widgets/framework.dart:4037:15)
#1352   ComponentElement.performRebuild (package:flutter/src/widgets/framework.dart:5841:16)
#1353   Element.rebuild (package:flutter/src/widgets/framework.dart:5529:7)
#1354   ProxyElement.update (package:flutter/src/widgets/framework.dart:6149:5)
#1355   Element.updateChild (package:flutter/src/widgets/framework.dart:4037:15)
#1356   ComponentElement.performRebuild (package:flutter/src/widgets/framework.dart:5841:16)
#1357   StatefulElement.performRebuild (package:flutter/src/widgets/framework.dart:5982:11)
#1358   Element.rebuild (package:flutter/src/widgets/framework.dart:5529:7)
#1359   StatefulElement.update (package:flutter/src/widgets/framework.dart:6007:5)
#1360   Element.updateChild (package:flutter/src/widgets/framework.dart:4037:15)
#1361   ComponentElement.performRebuild (package:flutter/src/widgets/framework.dart:5841:16)
#1362   Element.rebuild (package:flutter/src/widgets/framework.dart:5529:7)
#1363   ProxyElement.update (package:flutter/src/widgets/framework.dart:6149:5)
#1364   Element.updateChild (package:flutter/src/widgets/framework.dart:4037:15)
#1365   ComponentElement.performRebuild (package:flutter/src/widgets/framework.dart:5841:16)
#1366   Element.rebuild (package:flutter/src/widgets/framework.dart:5529:7)
#1367   ProxyElement.update (package:flutter/src/widgets/framework.dart:6149:5)
#1368   Element.updateChild (package:flutter/src/widgets/framework.dart:4037:15)
#1369   _RawViewElement._updateChild (package:flutter/src/widgets/view.dart:481:16)
#1370   _RawViewElement.update (package:flutter/src/widgets/view.dart:568:5)
#1371   Element.updateChild (package:flutter/src/widgets/framework.dart:4037:15)
#1372   ComponentElement.performRebuild (package:flutter/src/widgets/framework.dart:5841:16)
#1373   Element.rebuild (package:flutter/src/widgets/framework.dart:5529:7)
#1374   StatelessElement.update (package:flutter/src/widgets/framework.dart:5895:5)
#1375   Element.updateChild (package:flutter/src/widgets/framework.dart:4037:15)
#1376   ComponentElement.performRebuild (package:flutter/src/widgets/framework.dart:5841:16)
#1377   StatefulElement.performRebuild (package:flutter/src/widgets/framework.dart:5982:11)
#1378   Element.rebuild (package:flutter/src/widgets/framework.dart:5529:7)
#1379   StatefulElement.update (package:flutter/src/widgets/framework.dart:6007:5)
#1380   Element.updateChild (package:flutter/src/widgets/framework.dart:4037:15)
#1381   RootElement._rebuild (package:flutter/src/widgets/binding.dart:1822:16)
#1382   RootElement.update (package:flutter/src/widgets/binding.dart:1800:5)
#1383   RootElement.performRebuild (package:flutter/src/widgets/binding.dart:1814:7)
#1384   Element.rebuild (package:flutter/src/widgets/framework.dart:5529:7)
#1385   BuildScope._tryRebuild (package:flutter/src/widgets/framework.dart:2750:15)
#1386   BuildScope._flushDirtyElements (package:flutter/src/widgets/framework.dart:2807:11)
#1387   BuildOwner.buildScope (package:flutter/src/widgets/framework.dart:3111:18)
#1388   AutomatedTestWidgetsFlutterBinding.drawFrame (package:flutter_test/src/binding.dart:2131:19)
#1389   RendererBinding._handlePersistentFrameCallback (package:flutter/src/rendering/binding.dart:495:5)
#1390   SchedulerBinding._invokeFrameCallback (package:flutter/src/scheduler/binding.dart:1430:15)
#1391   SchedulerBinding.handleDrawFrame (package:flutter/src/scheduler/binding.dart:1345:9)
#1392   AutomatedTestWidgetsFlutterBinding.pump.<anonymous closure> (package:flutter_test/src/binding.dart:1960:9)
#1395   TestAsyncUtils.guard (package:flutter_test/src/test_async_utils.dart:74:41)
#1396   AutomatedTestWidgetsFlutterBinding.pump (package:flutter_test/src/binding.dart:1949:27)
#1397   WidgetTester.pumpWidget.<anonymous closure> (package:flutter_test/src/widget_tester.dart:598:22)
#1400   TestAsyncUtils.guard (package:flutter_test/src/test_async_utils.dart:74:41)
#1401   WidgetTester.pumpWidget (package:flutter_test/src/widget_tester.dart:595:27)
#1402   main.<anonymous closure> (file:///C:/Users/sahil%20gawai/OneDrive/python%20pandas/OneDrive/Desktop/Rockefeller/rock_app/test/widget_test.dart:8:18)
#1403   testWidgets.<anonymous closure>.<anonymous closure> (package:flutter_test/src/widget_tester.dart:192:29)
<asynchronous suspension>
#1404   TestWidgetsFlutterBinding._runTestBody (package:flutter_test/src/binding.dart:1682:5)
<asynchronous suspension>
<asynchronous suspension>
(elided 9 frames from dart:async and package:stack_trace)

Timer (duration: 0:00:00.000000, periodic: false), created:
#0      new FakeTimer._ (package:fake_async/fake_async.dart:342:62)
#1      FakeAsync._createTimer (package:fake_async/fake_async.dart:260:29)
#2      FakeAsync.run.<anonymous closure> (package:fake_async/fake_async.dart:185:15)
#7      DioMixin.fetch (package:dio/src/dio_mixin.dart:466:30)
#8      DioMixin.request (package:dio/src/dio_mixin.dart:374:12)
#9      DioMixin.get (package:dio/src/dio_mixin.dart:71:12)
#10     ApiClient.get (package:rock_app/core/network/api_client.dart:34:35)
#11     alertsProvider.<anonymous closure> (package:rock_app/core/providers/app_providers.dart:117:26)
#12     FamilyBase.call.<anonymous closure> (package:riverpod/src/framework/family.dart:150:27)
#13     FutureProvider._create (package:riverpod/src/future_provider/base.dart:71:65)
#14     FutureProviderElement.create.<anonymous closure> (package:riverpod/src/future_provider/base.dart:117:22)
#15     FutureHandlerProviderElementMixin.handleFuture.<anonymous closure> (package:riverpod/src/async_notifier/base.dart:341:30)
#16     FutureHandlerProviderElementMixin._handleAsync (package:riverpod/src/async_notifier/base.dart:388:47)
#17     FutureHandlerProviderElementMixin.handleFuture (package:riverpod/src/async_notifier/base.dart:335:5)
#18     FutureProviderElement.create (package:riverpod/src/future_provider/base.dart:116:5)
#19     ProviderElementBase.buildState (package:riverpod/src/framework/element.dart:426:7)
#20     ProviderElementBase.mount (package:riverpod/src/framework/element.dart:228:5)
#21     _StateReader._create (package:riverpod/src/framework/container.dart:47:11)
#22     _StateReader.getElement (package:riverpod/src/framework/container.dart:35:52)
#23     ProviderContainer.readProviderElement.<anonymous closure> (package:riverpod/src/framework/container.dart:440:40)
#24     ProviderContainer.readProviderElement (package:riverpod/src/framework/container.dart:475:8)
#25     ProviderBase.addListener (package:riverpod/src/framework/provider_base.dart:79:26)
#26     ProviderContainer.listen (package:riverpod/src/framework/container.dart:280:21)
#27     ConsumerStatefulElement.watch.<anonymous closure> (package:flutter_riverpod/src/consumer.dart:564:25)
#28     _LinkedHashMapMixin.putIfAbsent (dart:_compact_hash:675:23)
#29     ConsumerStatefulElement.watch (package:flutter_riverpod/src/consumer.dart:557:26)
#30     DashboardScreen.build (package:rock_app/features/dashboard/dashboard_screen.dart:18:29)
#31     _ConsumerState.build (package:flutter_riverpod/src/consumer.dart:476:19)
#32     StatefulElement.build (package:flutter/src/widgets/framework.dart:5931:27)
#33     ConsumerStatefulElement.build (package:flutter_riverpod/src/consumer.dart:539:20)
#34     ComponentElement.performRebuild (package:flutter/src/widgets/framework.dart:5817:15)
#35     StatefulElement.performRebuild (package:flutter/src/widgets/framework.dart:5982:11)
#36     Element.rebuild (package:flutter/src/widgets/framework.dart:5529:7)
#37     ComponentElement._firstBuild (package:flutter/src/widgets/framework.dart:5799:5)
#38     StatefulElement._firstBuild (package:flutter/src/widgets/framework.dart:5973:11)
#39     ComponentElement.mount (package:flutter/src/widgets/framework.dart:5793:5)
...     Normal element mounting (266 frames)
#305    Element.inflateWidget (package:flutter/src/widgets/framework.dart:4587:20)
#306    MultiChildRenderObjectElement.inflateWidget (package:flutter/src/widgets/framework.dart:7264:36)
#307    MultiChildRenderObjectElement.mount (package:flutter/src/widgets/framework.dart:7279:32)
...     Normal element mounting (129 frames)
#436    Element.inflateWidget (package:flutter/src/widgets/framework.dart:4587:20)
#437    MultiChildRenderObjectElement.inflateWidget (package:flutter/src/widgets/framework.dart:7264:36)
#438    MultiChildRenderObjectElement.mount (package:flutter/src/widgets/framework.dart:7279:32)
...     Normal element mounting (378 frames)
#816    Element.inflateWidget (package:flutter/src/widgets/framework.dart:4587:20)
#817    MultiChildRenderObjectElement.inflateWidget (package:flutter/src/widgets/framework.dart:7264:36)
#818    MultiChildRenderObjectElement.mount (package:flutter/src/widgets/framework.dart:7279:32)
...     Normal element mounting (499 frames)
#1317   _UncontrolledProviderScopeElement.mount (package:flutter_riverpod/src/framework.dart:315:11)
...     Normal element mounting (9 frames)
#1326   Element.inflateWidget (package:flutter/src/widgets/framework.dart:4587:20)
#1327   Element.updateChild (package:flutter/src/widgets/framework.dart:4053:20)
#1328   ComponentElement.performRebuild (package:flutter/src/widgets/framework.dart:5841:16)
#1329   Element.rebuild (package:flutter/src/widgets/framework.dart:5529:7)
#1330   ProxyElement.update (package:flutter/src/widgets/framework.dart:6149:5)
#1331   _InheritedNotifierElement.update (package:flutter/src/widgets/inherited_notifier.dart:108:11)
#1332   Element.updateChild (package:flutter/src/widgets/framework.dart:4037:15)
#1333   ComponentElement.performRebuild (package:flutter/src/widgets/framework.dart:5841:16)
#1334   StatefulElement.performRebuild (package:flutter/src/widgets/framework.dart:5982:11)
#1335   Element.rebuild (package:flutter/src/widgets/framework.dart:5529:7)
#1336   StatefulElement.update (package:flutter/src/widgets/framework.dart:6007:5)
#1337   Element.updateChild (package:flutter/src/widgets/framework.dart:4037:15)
#1338   ComponentElement.performRebuild (package:flutter/src/widgets/framework.dart:5841:16)
#1339   Element.rebuild (package:flutter/src/widgets/framework.dart:5529:7)
#1340   ProxyElement.update (package:flutter/src/widgets/framework.dart:6149:5)
#1341   _InheritedNotifierElement.update (package:flutter/src/widgets/inherited_notifier.dart:108:11)
#1342   Element.updateChild (package:flutter/src/widgets/framework.dart:4037:15)
#1343   ComponentElement.performRebuild (package:flutter/src/widgets/framework.dart:5841:16)
#1344   StatefulElement.performRebuild (package:flutter/src/widgets/framework.dart:5982:11)
#1345   Element.rebuild (package:flutter/src/widgets/framework.dart:5529:7)
#1346   StatefulElement.update (package:flutter/src/widgets/framework.dart:6007:5)
#1347   Element.updateChild (package:flutter/src/widgets/framework.dart:4037:15)
#1348   ComponentElement.performRebuild (package:flutter/src/widgets/framework.dart:5841:16)
#1349   StatefulElement.performRebuild (package:flutter/src/widgets/framework.dart:5982:11)
#1350   Element.rebuild (package:flutter/src/widgets/framework.dart:5529:7)
#1351   StatefulElement.update (package:flutter/src/widgets/framework.dart:6007:5)
#1352   Element.updateChild (package:flutter/src/widgets/framework.dart:4037:15)
#1353   ComponentElement.performRebuild (package:flutter/src/widgets/framework.dart:5841:16)
#1354   Element.rebuild (package:flutter/src/widgets/framework.dart:5529:7)
#1355   ProxyElement.update (package:flutter/src/widgets/framework.dart:6149:5)
#1356   Element.updateChild (package:flutter/src/widgets/framework.dart:4037:15)
#1357   ComponentElement.performRebuild (package:flutter/src/widgets/framework.dart:5841:16)
#1358   StatefulElement.performRebuild (package:flutter/src/widgets/framework.dart:5982:11)
#1359   Element.rebuild (package:flutter/src/widgets/framework.dart:5529:7)
#1360   StatefulElement.update (package:flutter/src/widgets/framework.dart:6007:5)
#1361   Element.updateChild (package:flutter/src/widgets/framework.dart:4037:15)
#1362   ComponentElement.performRebuild (package:flutter/src/widgets/framework.dart:5841:16)
#1363   Element.rebuild (package:flutter/src/widgets/framework.dart:5529:7)
#1364   ProxyElement.update (package:flutter/src/widgets/framework.dart:6149:5)
#1365   Element.updateChild (package:flutter/src/widgets/framework.dart:4037:15)
#1366   ComponentElement.performRebuild (package:flutter/src/widgets/framework.dart:5841:16)
#1367   Element.rebuild (package:flutter/src/widgets/framework.dart:5529:7)
#1368   ProxyElement.update (package:flutter/src/widgets/framework.dart:6149:5)
#1369   Element.updateChild (package:flutter/src/widgets/framework.dart:4037:15)
#1370   _RawViewElement._updateChild (package:flutter/src/widgets/view.dart:481:16)
#1371   _RawViewElement.update (package:flutter/src/widgets/view.dart:568:5)
#1372   Element.updateChild (package:flutter/src/widgets/framework.dart:4037:15)
#1373   ComponentElement.performRebuild (package:flutter/src/widgets/framework.dart:5841:16)
#1374   Element.rebuild (package:flutter/src/widgets/framework.dart:5529:7)
#1375   StatelessElement.update (package:flutter/src/widgets/framework.dart:5895:5)
#1376   Element.updateChild (package:flutter/src/widgets/framework.dart:4037:15)
#1377   ComponentElement.performRebuild (package:flutter/src/widgets/framework.dart:5841:16)
#1378   StatefulElement.performRebuild (package:flutter/src/widgets/framework.dart:5982:11)
#1379   Element.rebuild (package:flutter/src/widgets/framework.dart:5529:7)
#1380   StatefulElement.update (package:flutter/src/widgets/framework.dart:6007:5)
#1381   Element.updateChild (package:flutter/src/widgets/framework.dart:4037:15)
#1382   RootElement._rebuild (package:flutter/src/widgets/binding.dart:1822:16)
#1383   RootElement.update (package:flutter/src/widgets/binding.dart:1800:5)
#1384   RootElement.performRebuild (package:flutter/src/widgets/binding.dart:1814:7)
#1385   Element.rebuild (package:flutter/src/widgets/framework.dart:5529:7)
#1386   BuildScope._tryRebuild (package:flutter/src/widgets/framework.dart:2750:15)
#1387   BuildScope._flushDirtyElements (package:flutter/src/widgets/framework.dart:2807:11)
#1388   BuildOwner.buildScope (package:flutter/src/widgets/framework.dart:3111:18)
#1389   AutomatedTestWidgetsFlutterBinding.drawFrame (package:flutter_test/src/binding.dart:2131:19)
#1390   RendererBinding._handlePersistentFrameCallback (package:flutter/src/rendering/binding.dart:495:5)
#1391   SchedulerBinding._invokeFrameCallback (package:flutter/src/scheduler/binding.dart:1430:15)
#1392   SchedulerBinding.handleDrawFrame (package:flutter/src/scheduler/binding.dart:1345:9)
#1393   AutomatedTestWidgetsFlutterBinding.pump.<anonymous closure> (package:flutter_test/src/binding.dart:1960:9)
#1396   TestAsyncUtils.guard (package:flutter_test/src/test_async_utils.dart:74:41)
#1397   AutomatedTestWidgetsFlutterBinding.pump (package:flutter_test/src/binding.dart:1949:27)
#1398   WidgetTester.pumpWidget.<anonymous closure> (package:flutter_test/src/widget_tester.dart:598:22)
#1401   TestAsyncUtils.guard (package:flutter_test/src/test_async_utils.dart:74:41)
#1402   WidgetTester.pumpWidget (package:flutter_test/src/widget_tester.dart:595:27)
#1403   main.<anonymous closure> (file:///C:/Users/sahil%20gawai/OneDrive/python%20pandas/OneDrive/Desktop/Rockefeller/rock_app/test/widget_test.dart:8:18)
#1404   testWidgets.<anonymous closure>.<anonymous closure> (package:flutter_test/src/widget_tester.dart:192:29)
<asynchronous suspension>
#1405   TestWidgetsFlutterBinding._runTestBody (package:flutter_test/src/binding.dart:1682:5)
<asynchronous suspension>
<asynchronous suspension>
(elided 9 frames from dart:async and package:stack_trace)

ΓòÉΓòÉΓòí EXCEPTION CAUGHT BY FLUTTER TEST FRAMEWORK Γò₧ΓòÉΓòÉΓòÉΓòÉΓòÉΓòÉΓòÉΓòÉΓòÉΓòÉΓòÉΓòÉΓòÉΓòÉΓòÉΓòÉΓòÉΓòÉΓòÉΓòÉΓòÉΓòÉΓòÉΓòÉΓòÉΓòÉΓòÉΓòÉΓòÉΓòÉΓòÉΓòÉΓòÉΓòÉΓòÉΓòÉΓòÉΓòÉΓòÉΓòÉΓòÉΓòÉΓòÉΓòÉΓòÉΓòÉΓòÉΓòÉΓòÉΓòÉΓòÉΓòÉ
The following assertion was thrown running a test:
A Timer is still pending even after the widget tree was disposed.
'package:flutter_test/src/binding.dart':
Failed assertion: line 2242 pos 12: '!timersPending'

When the exception was thrown, this was the stack:
#2      AutomatedTestWidgetsFlutterBinding._verifyInvariants (package:flutter_test/src/binding.dart:2242:12)
#3      TestWidgetsFlutterBinding._runTestBody (package:flutter_test/src/binding.dart:1703:7)
<asynchronous suspension>
<asynchronous suspension>
(elided 3 frames from class _AssertionError and package:stack_trace)

The test description was:
  App launches smoke test
ΓòÉΓòÉΓòÉΓòÉΓòÉΓòÉΓòÉΓòÉΓòÉΓòÉΓòÉΓòÉΓòÉΓòÉΓòÉΓòÉΓòÉΓòÉΓòÉΓòÉΓòÉΓòÉΓòÉΓòÉΓòÉΓòÉΓòÉΓòÉΓòÉΓòÉΓòÉΓòÉΓòÉΓòÉΓòÉΓòÉΓòÉΓòÉΓòÉΓòÉΓòÉΓòÉΓòÉΓòÉΓòÉΓòÉΓòÉΓòÉΓòÉΓòÉΓòÉΓòÉΓòÉΓòÉΓòÉΓòÉΓòÉΓòÉΓòÉΓòÉΓòÉΓòÉΓòÉΓòÉΓòÉΓòÉΓòÉΓòÉΓòÉΓòÉΓòÉΓòÉΓòÉΓòÉΓòÉΓòÉΓòÉΓòÉΓòÉΓòÉΓòÉΓòÉΓòÉΓòÉΓòÉΓòÉΓòÉΓòÉΓòÉΓòÉΓòÉΓòÉΓòÉΓòÉΓòÉΓòÉΓòÉΓòÉΓòÉΓòÉ
00:02 +0 -1: App launches smoke test [E]
  Test failed. See exception logs above.
  The test description was: App launches smoke test
  
00:02 +0 -1: Some tests failed.
